// Jest Snapshot v1, https://goo.gl/fbAQLP

exports[`Test Dashboard Homepage page  should render 1`] = `ShallowWrapper {}`;
